../Core/Src/main.c:74:5:main	8	static
../Core/Src/main.c:152:6:SystemClock_Config	88	static
../Core/Src/main.c:199:13:MX_ADC1_Init	24	static
../Core/Src/main.c:251:13:MX_TIM1_Init	56	static
../Core/Src/main.c:302:13:MX_DMA_Init	16	static
../Core/Src/main.c:320:13:MX_GPIO_Init	40	static
../Core/Src/main.c:368:6:HAL_GPIO_EXTI_Callback	24	static
../Core/Src/main.c:387:6:HAL_TIM_PeriodElapsedCallback	16	static
../Core/Src/main.c:395:6:HAL_ADC_ConvCpltCallback	16	static
../Core/Src/main.c:406:6:Error_Handler	4	static,ignoring_inline_asm
